test_all_tables_exist (__main__.TestDatabase) ... ERROR
test_upsert_certification (__main__.TestDatabase) ... ERROR
test_upsert_supplier (__main__.TestDatabase) ... ERROR
test_upsert_supplier_idempotent (__main__.TestDatabase) ... ERROR
test_all_model_features_present (__main__.TestFeatureEngineering) ... ERROR
test_certification_score (__main__.TestFeatureEngineering) ... ERROR
test_customer_concentration_ratio (__main__.TestFeatureEngineering) ... ERROR
test_feature_engineering_runs (__main__.TestFeatureEngineering) ... ERROR
test_no_nulls_in_model_features (__main__.TestFeatureEngineering) ... ERROR
test_years_active_positive (__main__.TestFeatureEngineering) ... ERROR

======================================================================
ERROR: test_all_tables_exist (__main__.TestDatabase)
----------------------------------------------------------------------
Traceback (most recent call last):
  File "D:\Project ideas\Supplier_trust_Engine\Supplier-Trust-Engine\tests\test_smoke.py", line 53, in setUp
    self.con = init_db(path=self.tmp.name)
  File "D:\Project ideas\Supplier_trust_Engine\Supplier-Trust-Engine\pipeline\storage\db.py", line 21, in init_db
    con = duckdb.connect(db_path)
duckdb.duckdb.IOException: IO Error: File is already open in 
C:\Users\Kshit\AppData\Local\Programs\Python\Python310\python.exe (PID 33960)

======================================================================
ERROR: test_upsert_certification (__main__.TestDatabase)
----------------------------------------------------------------------
Traceback (most recent call last):
  File "D:\Project ideas\Supplier_trust_Engine\Supplier-Trust-Engine\tests\test_smoke.py", line 53, in setUp
    self.con = init_db(path=self.tmp.name)
  File "D:\Project ideas\Supplier_trust_Engine\Supplier-Trust-Engine\pipeline\storage\db.py", line 21, in init_db
    con = duckdb.connect(db_path)
duckdb.duckdb.IOException: IO Error: File is already open in 
C:\Users\Kshit\AppData\Local\Programs\Python\Python310\python.exe (PID 33960)

======================================================================
ERROR: test_upsert_supplier (__main__.TestDatabase)
----------------------------------------------------------------------
Traceback (most recent call last):
  File "D:\Project ideas\Supplier_trust_Engine\Supplier-Trust-Engine\tests\test_smoke.py", line 53, in setUp
    self.con = init_db(path=self.tmp.name)
  File "D:\Project ideas\Supplier_trust_Engine\Supplier-Trust-Engine\pipeline\storage\db.py", line 21, in init_db
    con = duckdb.connect(db_path)
duckdb.duckdb.IOException: IO Error: File is already open in 
C:\Users\Kshit\AppData\Local\Programs\Python\Python310\python.exe (PID 33960)

======================================================================
ERROR: test_upsert_supplier_idempotent (__main__.TestDatabase)
----------------------------------------------------------------------
Traceback (most recent call last):
  File "D:\Project ideas\Supplier_trust_Engine\Supplier-Trust-Engine\tests\test_smoke.py", line 53, in setUp
    self.con = init_db(path=self.tmp.name)
  File "D:\Project ideas\Supplier_trust_Engine\Supplier-Trust-Engine\pipeline\storage\db.py", line 21, in init_db
    con = duckdb.connect(db_path)
duckdb.duckdb.IOException: IO Error: File is already open in 
C:\Users\Kshit\AppData\Local\Programs\Python\Python310\python.exe (PID 33960)

======================================================================
ERROR: test_all_model_features_present (__main__.TestFeatureEngineering)
----------------------------------------------------------------------
Traceback (most recent call last):
  File "D:\Project ideas\Supplier_trust_Engine\Supplier-Trust-Engine\tests\test_smoke.py", line 98, in setUp
    self.con = init_db(path=self.tmp.name)
  File "D:\Project ideas\Supplier_trust_Engine\Supplier-Trust-Engine\pipeline\storage\db.py", line 21, in init_db
    con = duckdb.connect(db_path)
duckdb.duckdb.IOException: IO Error: File is already open in 
C:\Users\Kshit\AppData\Local\Programs\Python\Python310\python.exe (PID 33960)

======================================================================
ERROR: test_certification_score (__main__.TestFeatureEngineering)
----------------------------------------------------------------------
Traceback (most recent call last):
  File "D:\Project ideas\Supplier_trust_Engine\Supplier-Trust-Engine\tests\test_smoke.py", line 98, in setUp
    self.con = init_db(path=self.tmp.name)
  File "D:\Project ideas\Supplier_trust_Engine\Supplier-Trust-Engine\pipeline\storage\db.py", line 21, in init_db
    con = duckdb.connect(db_path)
duckdb.duckdb.IOException: IO Error: File is already open in 
C:\Users\Kshit\AppData\Local\Programs\Python\Python310\python.exe (PID 33960)

======================================================================
ERROR: test_customer_concentration_ratio (__main__.TestFeatureEngineering)
----------------------------------------------------------------------
Traceback (most recent call last):
  File "D:\Project ideas\Supplier_trust_Engine\Supplier-Trust-Engine\tests\test_smoke.py", line 98, in setUp
    self.con = init_db(path=self.tmp.name)
  File "D:\Project ideas\Supplier_trust_Engine\Supplier-Trust-Engine\pipeline\storage\db.py", line 21, in init_db
    con = duckdb.connect(db_path)
duckdb.duckdb.IOException: IO Error: File is already open in 
C:\Users\Kshit\AppData\Local\Programs\Python\Python310\python.exe (PID 33960)

======================================================================
ERROR: test_feature_engineering_runs (__main__.TestFeatureEngineering)
----------------------------------------------------------------------
Traceback (most recent call last):
  File "D:\Project ideas\Supplier_trust_Engine\Supplier-Trust-Engine\tests\test_smoke.py", line 98, in setUp
    self.con = init_db(path=self.tmp.name)
  File "D:\Project ideas\Supplier_trust_Engine\Supplier-Trust-Engine\pipeline\storage\db.py", line 21, in init_db
    con = duckdb.connect(db_path)
duckdb.duckdb.IOException: IO Error: File is already open in 
C:\Users\Kshit\AppData\Local\Programs\Python\Python310\python.exe (PID 33960)

======================================================================
ERROR: test_no_nulls_in_model_features (__main__.TestFeatureEngineering)
----------------------------------------------------------------------
Traceback (most recent call last):
  File "D:\Project ideas\Supplier_trust_Engine\Supplier-Trust-Engine\tests\test_smoke.py", line 98, in setUp
    self.con = init_db(path=self.tmp.name)
  File "D:\Project ideas\Supplier_trust_Engine\Supplier-Trust-Engine\pipeline\storage\db.py", line 21, in init_db
    con = duckdb.connect(db_path)
duckdb.duckdb.IOException: IO Error: File is already open in 
C:\Users\Kshit\AppData\Local\Programs\Python\Python310\python.exe (PID 33960)

======================================================================
ERROR: test_years_active_positive (__main__.TestFeatureEngineering)
----------------------------------------------------------------------
Traceback (most recent call last):
  File "D:\Project ideas\Supplier_trust_Engine\Supplier-Trust-Engine\tests\test_smoke.py", line 98, in setUp
    self.con = init_db(path=self.tmp.name)
  File "D:\Project ideas\Supplier_trust_Engine\Supplier-Trust-Engine\pipeline\storage\db.py", line 21, in init_db
    con = duckdb.connect(db_path)
duckdb.duckdb.IOException: IO Error: File is already open in 
C:\Users\Kshit\AppData\Local\Programs\Python\Python310\python.exe (PID 33960)

----------------------------------------------------------------------
Ran 10 tests in 1.128s

FAILED (errors=10)
Running smoke tests...

Traceback (most recent call last):
  File "D:\Project ideas\Supplier_trust_Engine\Supplier-Trust-Engine\tests\test_smoke.py", line 152, in <module>
    print("\n\u274c Some tests failed. Fix before running the scraper.")
  File "C:\Users\Kshit\AppData\Local\Programs\Python\Python310\lib\encodings\cp1252.py", line 19, in encode
    return codecs.charmap_encode(input,self.errors,encoding_table)[0]
UnicodeEncodeError: 'charmap' codec can't encode character '\u274c' in position 2: character maps to <undefined>
